Archive member included to satisfy reference by file (symbol)

c:/siliconlabs/simplicitystudio/v5/developer/toolchains/gnu_arm/12.2.rel1_2023.7/bin/../lib/gcc/arm-none-eabi/12.2.1/thumb/v7-m/nofp\libgcc.a(_aeabi_ldivmod.o)
                              ./gecko_sdk_4.4.6/platform/service/sleeptimer/src/sl_sleeptimer.o (__aeabi_ldivmod)
c:/siliconlabs/simplicitystudio/v5/developer/toolchains/gnu_arm/12.2.rel1_2023.7/bin/../lib/gcc/arm-none-eabi/12.2.1/thumb/v7-m/nofp\libgcc.a(_aeabi_uldivmod.o)
                              ./gecko_sdk_4.4.6/platform/service/sleeptimer/src/sl_sleeptimer.o (__aeabi_uldivmod)
c:/siliconlabs/simplicitystudio/v5/developer/toolchains/gnu_arm/12.2.rel1_2023.7/bin/../lib/gcc/arm-none-eabi/12.2.1/thumb/v7-m/nofp\libgcc.a(_udivmoddi4.o)
                              c:/siliconlabs/simplicitystudio/v5/developer/toolchains/gnu_arm/12.2.rel1_2023.7/bin/../lib/gcc/arm-none-eabi/12.2.1/thumb/v7-m/nofp\libgcc.a(_aeabi_ldivmod.o) (__udivmoddi4)
c:/siliconlabs/simplicitystudio/v5/developer/toolchains/gnu_arm/12.2.rel1_2023.7/bin/../lib/gcc/arm-none-eabi/12.2.1/thumb/v7-m/nofp\libgcc.a(_dvmd_tls.o)
                              c:/siliconlabs/simplicitystudio/v5/developer/toolchains/gnu_arm/12.2.rel1_2023.7/bin/../lib/gcc/arm-none-eabi/12.2.1/thumb/v7-m/nofp\libgcc.a(_aeabi_ldivmod.o) (__aeabi_ldiv0)
c:/siliconlabs/simplicitystudio/v5/developer/toolchains/gnu_arm/12.2.rel1_2023.7/bin/../lib/gcc/arm-none-eabi/12.2.1/thumb/v7-m/nofp\libc_nano.a(libc_a-abs.o)
                              ./segmentlcd.o (abs)
c:/siliconlabs/simplicitystudio/v5/developer/toolchains/gnu_arm/12.2.rel1_2023.7/bin/../lib/gcc/arm-none-eabi/12.2.1/thumb/v7-m/nofp\libc_nano.a(libc_a-exit.o)
                              c:/siliconlabs/simplicitystudio/v5/developer/toolchains/gnu_arm/12.2.rel1_2023.7/bin/../lib/gcc/arm-none-eabi/12.2.1/thumb/v7-m/nofp/crt0.o (exit)
c:/siliconlabs/simplicitystudio/v5/developer/toolchains/gnu_arm/12.2.rel1_2023.7/bin/../lib/gcc/arm-none-eabi/12.2.1/thumb/v7-m/nofp\libc_nano.a(libc_a-findfp.o)
                              c:/siliconlabs/simplicitystudio/v5/developer/toolchains/gnu_arm/12.2.rel1_2023.7/bin/../lib/gcc/arm-none-eabi/12.2.1/thumb/v7-m/nofp\libc_nano.a(libc_a-exit.o) (__stdio_exit_handler)
c:/siliconlabs/simplicitystudio/v5/developer/toolchains/gnu_arm/12.2.rel1_2023.7/bin/../lib/gcc/arm-none-eabi/12.2.1/thumb/v7-m/nofp\libc_nano.a(libc_a-fwalk.o)
                              c:/siliconlabs/simplicitystudio/v5/developer/toolchains/gnu_arm/12.2.rel1_2023.7/bin/../lib/gcc/arm-none-eabi/12.2.1/thumb/v7-m/nofp\libc_nano.a(libc_a-findfp.o) (_fwalk_sglue)
c:/siliconlabs/simplicitystudio/v5/developer/toolchains/gnu_arm/12.2.rel1_2023.7/bin/../lib/gcc/arm-none-eabi/12.2.1/thumb/v7-m/nofp\libc_nano.a(libc_a-stdio.o)
                              c:/siliconlabs/simplicitystudio/v5/developer/toolchains/gnu_arm/12.2.rel1_2023.7/bin/../lib/gcc/arm-none-eabi/12.2.1/thumb/v7-m/nofp\libc_nano.a(libc_a-findfp.o) (__sread)
c:/siliconlabs/simplicitystudio/v5/developer/toolchains/gnu_arm/12.2.rel1_2023.7/bin/../lib/gcc/arm-none-eabi/12.2.1/thumb/v7-m/nofp\libc_nano.a(libc_a-memset.o)
                              c:/siliconlabs/simplicitystudio/v5/developer/toolchains/gnu_arm/12.2.rel1_2023.7/bin/../lib/gcc/arm-none-eabi/12.2.1/thumb/v7-m/nofp/crt0.o (memset)
c:/siliconlabs/simplicitystudio/v5/developer/toolchains/gnu_arm/12.2.rel1_2023.7/bin/../lib/gcc/arm-none-eabi/12.2.1/thumb/v7-m/nofp\libc_nano.a(libc_a-closer.o)
                              c:/siliconlabs/simplicitystudio/v5/developer/toolchains/gnu_arm/12.2.rel1_2023.7/bin/../lib/gcc/arm-none-eabi/12.2.1/thumb/v7-m/nofp\libc_nano.a(libc_a-stdio.o) (_close_r)
c:/siliconlabs/simplicitystudio/v5/developer/toolchains/gnu_arm/12.2.rel1_2023.7/bin/../lib/gcc/arm-none-eabi/12.2.1/thumb/v7-m/nofp\libc_nano.a(libc_a-reent.o)
                              c:/siliconlabs/simplicitystudio/v5/developer/toolchains/gnu_arm/12.2.rel1_2023.7/bin/../lib/gcc/arm-none-eabi/12.2.1/thumb/v7-m/nofp\libc_nano.a(libc_a-closer.o) (errno)
c:/siliconlabs/simplicitystudio/v5/developer/toolchains/gnu_arm/12.2.rel1_2023.7/bin/../lib/gcc/arm-none-eabi/12.2.1/thumb/v7-m/nofp\libc_nano.a(libc_a-impure.o)
                              c:/siliconlabs/simplicitystudio/v5/developer/toolchains/gnu_arm/12.2.rel1_2023.7/bin/../lib/gcc/arm-none-eabi/12.2.1/thumb/v7-m/nofp\libc_nano.a(libc_a-reent.o) (_impure_ptr)
c:/siliconlabs/simplicitystudio/v5/developer/toolchains/gnu_arm/12.2.rel1_2023.7/bin/../lib/gcc/arm-none-eabi/12.2.1/thumb/v7-m/nofp\libc_nano.a(libc_a-lseekr.o)
                              c:/siliconlabs/simplicitystudio/v5/developer/toolchains/gnu_arm/12.2.rel1_2023.7/bin/../lib/gcc/arm-none-eabi/12.2.1/thumb/v7-m/nofp\libc_nano.a(libc_a-stdio.o) (_lseek_r)
c:/siliconlabs/simplicitystudio/v5/developer/toolchains/gnu_arm/12.2.rel1_2023.7/bin/../lib/gcc/arm-none-eabi/12.2.1/thumb/v7-m/nofp\libc_nano.a(libc_a-readr.o)
[...]
Memory Configuration

Name             Origin             Length             Attributes
FLASH            0x00000000         0x00100000         xr
RAM              0x20000000         0x00020000         xrw
*default*        0x00000000         0xffffffff

Linker script and memory map

LOAD c:/siliconlabs/simplicitystudio/v5/developer/toolchains/gnu_arm/12.2.rel1_2023.7/bin/../lib/gcc/arm-none-eabi/12.2.1/thumb/v7-m/nofp/crti.o
LOAD c:/siliconlabs/simplicitystudio/v5/developer/toolchains/gnu_arm/12.2.rel1_2023.7/bin/../lib/gcc/arm-none-eabi/12.2.1/thumb/v7-m/nofp/crtbegin.o
LOAD c:/siliconlabs/simplicitystudio/v5/developer/toolchains/gnu_arm/12.2.rel1_2023.7/bin/../lib/gcc/arm-none-eabi/12.2.1/thumb/v7-m/nofp/crt0.o
START GROUP
LOAD ./app.o
LOAD ./main.o
LOAD ./segmentlcd.o
LOAD ./segmentlcd_individual.o
LOAD ./autogen/sl_board_default_init.o
LOAD ./autogen/sl_device_init_clocks.o
LOAD ./autogen/sl_event_handler.o
LOAD ./gecko_sdk_4.4.6/hardware/board/src/sl_board_control_gpio.o
LOAD ./gecko_sdk_4.4.6/hardware/board/src/sl_board_init.o
LOAD ./gecko_sdk_4.4.6/platform/Device/SiliconLabs/EFM32GG/Source/startup_efm32gg.o
LOAD ./gecko_sdk_4.4.6/platform/Device/SiliconLabs/EFM32GG/Source/system_efm32gg.o
LOAD ./gecko_sdk_4.4.6/platform/common/src/sl_assert.o
LOAD ./gecko_sdk_4.4.6/platform/common/src/sl_syscalls.o
LOAD ./gecko_sdk_4.4.6/platform/common/toolchain/src/sl_memory.o
LOAD ./gecko_sdk_4.4.6/platform/emlib/src/em_cmu.o
LOAD ./gecko_sdk_4.4.6/platform/emlib/src/em_core.o
LOAD ./gecko_sdk_4.4.6/platform/emlib/src/em_emu.o
LOAD ./gecko_sdk_4.4.6/platform/emlib/src/em_gpio.o
LOAD ./gecko_sdk_4.4.6/platform/emlib/src/em_lcd.o
LOAD ./gecko_sdk_4.4.6/platform/emlib/src/em_msc.o
LOAD ./gecko_sdk_4.4.6/platform/emlib/src/em_rtc.o
LOAD ./gecko_sdk_4.4.6/platform/emlib/src/em_system.o
LOAD ./gecko_sdk_4.4.6/platform/emlib/src/em_timer.o
LOAD ./gecko_sdk_4.4.6/platform/service/device_init/src/sl_device_init_emu_s0.o
LOAD ./gecko_sdk_4.4.6/platform/service/device_init/src/sl_device_init_hfxo_s0.o
LOAD ./gecko_sdk_4.4.6/platform/service/device_init/src/sl_device_init_lfxo_s0.o
LOAD ./gecko_sdk_4.4.6/platform/service/device_init/src/sl_device_init_nvic.o
LOAD ./gecko_sdk_4.4.6/platform/service/sleeptimer/src/sl_sleeptimer.o
LOAD ./gecko_sdk_4.4.6/platform/service/sleeptimer/src/sl_sleeptimer_hal_rtc.o
LOAD ./gecko_sdk_4.4.6/platform/service/system/src/sl_system_init.o
LOAD ./gecko_sdk_4.4.6/platform/service/system/src/sl_system_process_action.o
LOAD ./gecko_sdk_4.4.6/platform/service/udelay/src/sl_udelay.o
LOAD ./gecko_sdk_4.4.6/platform/service/udelay/src/sl_udelay_armv6m_gcc.o
LOAD c:/siliconlabs/simplicitystudio/v5/developer/toolchains/gnu_arm/12.2.rel1_2023.7/bin/../lib/gcc/arm-none-eabi/12.2.1/thumb/v7-m/nofp\libgcc.a
LOAD c:/siliconlabs/simplicitystudio/v5/developer/toolchains/gnu_arm/12.2.rel1_2023.7/bin/../lib/gcc/arm-none-eabi/12.2.1/thumb/v7-m/nofp\libc_nano.a
LOAD c:/siliconlabs/simplicitystudio/v5/developer/toolchains/gnu_arm/12.2.rel1_2023.7/bin/../lib/gcc/arm-none-eabi/12.2.1/thumb/v7-m/nofp\libm.a
LOAD c:/siliconlabs/simplicitystudio/v5/developer/toolchains/gnu_arm/12.2.rel1_2023.7/bin/../lib/gcc/arm-none-eabi/12.2.1/thumb/v7-m/nofp\libnosys.a
END GROUP
START GROUP
LOAD c:/siliconlabs/simplicitystudio/v5/developer/toolchains/gnu_arm/12.2.rel1_2023.7/bin/../lib/gcc/arm-none-eabi/12.2.1/thumb/v7-m/nofp\libgcc.a
LOAD c:/siliconlabs/simplicitystudio/v5/developer/toolchains/gnu_arm/12.2.rel1_2023.7/bin/../lib/gcc/arm-none-eabi/12.2.1/thumb/v7-m/nofp\libc_nano.a
LOAD c:/siliconlabs/simplicitystudio/v5/developer/toolchains/gnu_arm/12.2.rel1_2023.7/bin/../lib/gcc/arm-none-eabi/12.2.1/thumb/v7-m/nofp\libnosys.a
END GROUP
START GROUP
LOAD c:/siliconlabs/simplicitystudio/v5/developer/toolchains/gnu_arm/12.2.rel1_2023.7/bin/../lib/gcc/arm-none-eabi/12.2.1/thumb/v7-m/nofp\libgcc.a
LOAD c:/siliconlabs/simplicitystudio/v5/developer/toolchains/gnu_arm/12.2.rel1_2023.7/bin/../lib/gcc/arm-none-eabi/12.2.1/thumb/v7-m/nofp\libg_nano.a
LOAD c:/siliconlabs/simplicitystudio/v5/developer/toolchains/gnu_arm/12.2.rel1_2023.7/bin/../lib/gcc/arm-none-eabi/12.2.1/thumb/v7-m/nofp\libc_nano.a
END GROUP
START GROUP
LOAD c:/siliconlabs/simplicitystudio/v5/developer/toolchains/gnu_arm/12.2.rel1_2023.7/bin/../lib/gcc/arm-none-eabi/12.2.1/thumb/v7-m/nofp\libgcc.a
LOAD c:/siliconlabs/simplicitystudio/v5/developer/toolchains/gnu_arm/12.2.rel1_2023.7/bin/../lib/gcc/arm-none-eabi/12.2.1/thumb/v7-m/nofp\libc_nano.a
END GROUP
LOAD c:/siliconlabs/simplicitystudio/v5/developer/toolchains/gnu_arm/12.2.rel1_2023.7/bin/../lib/gcc/arm-none-eabi/12.2.1/thumb/v7-m/nofp/crtend.o
LOAD c:/siliconlabs/simplicitystudio/v5/developer/toolchains/gnu_arm/12.2.rel1_2023.7/bin/../lib/gcc/arm-none-eabi/12.2.1/thumb/v7-m/nofp/crtn.o

.text           0x00000000     0x1aec
                0x00000000                linker_vectors_begin = .
 *(.vectors)
 .vectors       0x00000000       0xdc ./gecko_sdk_4.4.6/platform/Device/SiliconLabs/EFM32GG/Source/startup_efm32gg.o
                0x00000000                __Vectors
                0x000000dc                linker_vectors_end = .
                0x000000dc                __Vectors_End = .
                0x000000dc                __Vectors_Size = (__Vectors_End - __Vectors)
                0x000000dc                linker_code_begin = .
 *(SORT_BY_ALIGNMENT(.text*))
 .text.deregister_tm_clones
                0x000000dc       0x1c c:/siliconlabs/simplicitystudio/v5/developer/toolchains/gnu_arm/12.2.rel1_2023.7/bin/../lib/gcc/arm-none-eabi/12.2.1/thumb/v7-m/nofp/crtbegin.o
 .text.register_tm_clones
                0x000000f8       0x24 c:/siliconlabs/simplicitystudio/v5/developer/toolchains/gnu_arm/12.2.rel1_2023.7/bin/../lib/gcc/arm-none-eabi/12.2.1/thumb/v7-m/nofp/crtbegin.o
 .text.__do_global_dtors_aux
                0x0000011c       0x28 c:/siliconlabs/simplicitystudio/v5/developer/toolchains/gnu_arm/12.2.rel1_2023.7/bin/../lib/gcc/arm-none-eabi/12.2.1/thumb/v7-m/nofp/crtbegin.o
 .text.frame_dummy
                0x00000144       0x24 c:/siliconlabs/simplicitystudio/v5/developer/toolchains/gnu_arm/12.2.rel1_2023.7/bin/../lib/gcc/arm-none-eabi/12.2.1/thumb/v7-m/nofp/crtbegin.o
 .text          0x00000168       0x7c c:/siliconlabs/simplicitystudio/v5/developer/toolchains/gnu_arm/12.2.rel1_2023.7/bin/../lib/gcc/arm-none-eabi/12.2.1/thumb/v7-m/nofp/crt0.o
                0x00000168                _stack_init
                0x00000170                _start
                0x00000170                _mainCRTStartup
 .text.sl_device_init_clocks
                0x000001e4       0x50 ./autogen/sl_device_init_clocks.o
                0x000001e4                sl_device_init_clocks
 .text.sl_platform_init
                0x00000234       0x68 ./autogen/sl_event_handler.o
                0x00000234                sl_platform_init
 .text.sl_board_init
                0x0000029c       0x18 ./gecko_sdk_4.4.6/hardware/board/src/sl_board_init.o
                0x0000029c                sl_board_init
 .text.sl_board_preinit
                0x000002b4        0xc ./gecko_sdk_4.4.6/hardware/board/src/sl_board_init.o
                0x000002b4                sl_board_preinit
 .text.Reset_Handler
                0x000002c0       0x60 ./gecko_sdk_4.4.6/platform/Device/SiliconLabs/EFM32GG/Source/startup_efm32gg.o
                0x000002c0                Reset_Handler
 .text.SystemMaxCoreClockGet
                0x00000320        0x8 ./gecko_sdk_4.4.6/platform/Device/SiliconLabs/EFM32GG/Source/system_efm32gg.o
                0x00000320                SystemMaxCoreClockGet
 .text.SystemHFClockGet
                0x00000328       0xc8 ./gecko_sdk_4.4.6/platform/Device/SiliconLabs/EFM32GG/Source/system_efm32gg.o
                0x00000328                SystemHFClockGet
 .text.SystemCoreClockGet
                0x000003f0       0x20 ./gecko_sdk_4.4.6/platform/Device/SiliconLabs/EFM32GG/Source/system_efm32gg.o
                0x000003f0                SystemCoreClockGet
 .text.SystemHFXOClockGet
                0x00000410        0xc ./gecko_sdk_4.4.6/platform/Device/SiliconLabs/EFM32GG/Source/system_efm32gg.o
                0x00000410                SystemHFXOClockGet
 .text.SystemHFXOClockSet
                0x0000041c       0x1c ./gecko_sdk_4.4.6/platform/Device/SiliconLabs/EFM32GG/Source/system_efm32gg.o
                0x0000041c                SystemHFXOClockSet
 .text.SystemInit
                0x00000438       0x10 ./gecko_sdk_4.4.6/platform/Device/SiliconLabs/EFM32GG/Source/system_efm32gg.o
                0x00000438                SystemInit
 .text.SystemLFXOClockGet
                0x00000448        0xc ./gecko_sdk_4.4.6/platform/Device/SiliconLabs/EFM32GG/Source/system_efm32gg.o
                0x00000448                SystemLFXOClockGet
 .text.CMU_DivToLog2
                0x00000454       0x2c ./gecko_sdk_4.4.6/platform/emlib/src/em_cmu.o
 .text.auxClkGet
                0x00000480       0x90 ./gecko_sdk_4.4.6/platform/emlib/src/em_cmu.o
 .text.syncReg  0x00000510       0x14 ./gecko_sdk_4.4.6/platform/emlib/src/em_cmu.o
 .text.maxFreqHfle
                0x00000524       0x64 ./gecko_sdk_4.4.6/platform/emlib/src/em_cmu.o
 .text.setHfLeConfig
                0x00000588       0x40 ./gecko_sdk_4.4.6/platform/emlib/src/em_cmu.o
 .text.flashWaitStateControl.constprop.0
                0x000005c8       0x64 ./gecko_sdk_4.4.6/platform/emlib/src/em_cmu.o
 .text.flashWaitStateMax
                0x0000062c       0x24 ./gecko_sdk_4.4.6/platform/emlib/src/em_cmu.o
 .text.CMU_UpdateWaitStates
                0x00000650       0x20 ./gecko_sdk_4.4.6/platform/emlib/src/em_cmu.o
                0x00000650                CMU_UpdateWaitStates
 .text.CMU_ClockDivGet
                0x00000670       0xe0 ./gecko_sdk_4.4.6/platform/emlib/src/em_cmu.o
                0x00000670                CMU_ClockDivGet
 .text.CMU_ClockDivSet
                0x00000750      0x238 ./gecko_sdk_4.4.6/platform/emlib/src/em_cmu.o
                0x00000750                CMU_ClockDivSet
 .text.CMU_ClockEnable
                0x00000988       0x98 ./gecko_sdk_4.4.6/platform/emlib/src/em_cmu.o
                0x00000988                CMU_ClockEnable
 .text.CMU_ClockSelectGet
                0x00000a20       0xc8 ./gecko_sdk_4.4.6/platform/emlib/src/em_cmu.o
                0x00000a20                CMU_ClockSelectGet
 .text.lfClkGet
                0x00000ae8       0xc4 ./gecko_sdk_4.4.6/platform/emlib/src/em_cmu.o
 .text.CMU_ClockFreqGet
                0x00000bac      0x194 ./gecko_sdk_4.4.6/platform/emlib/src/em_cmu.o
                0x00000bac                CMU_ClockFreqGet
 .text.CMU_HFXOInit
                0x00000d40       0x4c ./gecko_sdk_4.4.6/platform/emlib/src/em_cmu.o
                0x00000d40                CMU_HFXOInit
 .text.CMU_LFXOInit
                0x00000d8c       0x70 ./gecko_sdk_4.4.6/platform/emlib/src/em_cmu.o
                0x00000d8c                CMU_LFXOInit
 .text.CMU_LFXOPrecisionSet
                0x00000dfc        0xc ./gecko_sdk_4.4.6/platform/emlib/src/em_cmu.o
                0x00000dfc                CMU_LFXOPrecisionSet
 .text.CMU_HFXOPrecisionSet
                0x00000e08        0xc ./gecko_sdk_4.4.6/platform/emlib/src/em_cmu.o
                0x00000e08                CMU_HFXOPrecisionSet
 .text.CMU_OscillatorEnable
                0x00000e14       0x58 ./gecko_sdk_4.4.6/platform/emlib/src/em_cmu.o
                0x00000e14                CMU_OscillatorEnable
 .text.sli_em_cmu_HFClockSelectHFXO
                0x00000e6c       0x5c ./gecko_sdk_4.4.6/platform/emlib/src/em_cmu.o
                0x00000e6c                sli_em_cmu_HFClockSelectHFXO
 .text.EMU_EM4Init
                0x00000ec8       0x30 ./gecko_sdk_4.4.6/platform/emlib/src/em_emu.o
                0x00000ec8                EMU_EM4Init
 .text.RTC_CompareSet
                0x00000ef8       0x4c ./gecko_sdk_4.4.6/platform/emlib/src/em_rtc.o
                0x00000ef8                RTC_CompareSet
 .text.RTC_Init
                0x00000f44       0x1c ./gecko_sdk_4.4.6/platform/emlib/src/em_rtc.o
                0x00000f44                RTC_Init
 .text.SYSTEM_ChipRevisionGet
                0x00000f60       0x50 ./gecko_sdk_4.4.6/platform/emlib/src/em_system.o
                0x00000f60                SYSTEM_ChipRevisionGet
 .text.SYSTEM_GetProdRev
                0x00000fb0       0x10 ./gecko_sdk_4.4.6/platform/emlib/src/em_system.o
                0x00000fb0                SYSTEM_GetProdRev
 .text.SYSTEM_GetFamily
                0x00000fc0       0x10 ./gecko_sdk_4.4.6/platform/emlib/src/em_system.o
                0x00000fc0                SYSTEM_GetFamily
 .text.sl_device_init_emu
                0x00000fd0       0x20 ./gecko_sdk_4.4.6/platform/service/device_init/src/sl_device_init_emu_s0.o
                0x00000fd0                sl_device_init_emu
 .text.sl_device_init_hfxo
                0x00000ff0       0x2c ./gecko_sdk_4.4.6/platform/service/device_init/src/sl_device_init_hfxo_s0.o
                0x00000ff0                sl_device_init_hfxo
 .text.sl_device_init_nvic
                0x0000101c       0x3c ./gecko_sdk_4.4.6/platform/service/device_init/src/sl_device_init_nvic.o
                0x0000101c                sl_device_init_nvic
 .text.delta_list_insert_timer
                0x00001058       0x40 ./gecko_sdk_4.4.6/platform/service/sleeptimer/src/sl_sleeptimer.o
 .text.update_delta_list
                0x00001098       0x34 ./gecko_sdk_4.4.6/platform/service/sleeptimer/src/sl_sleeptimer.o
 .text.set_comparator_for_next_timer
                0x000010cc       0x5c ./gecko_sdk_4.4.6/platform/service/sleeptimer/src/sl_sleeptimer.o
 .text.delta_list_remove_timer
                0x00001128       0x38 ./gecko_sdk_4.4.6/platform/service/sleeptimer/src/sl_sleeptimer.o
 .text.sl_sleeptimer_init
                0x00001160       0x74 ./gecko_sdk_4.4.6/platform/service/sleeptimer/src/sl_sleeptimer.o
                0x00001160                sl_sleeptimer_init
 .text.process_timer_irq
                0x000011d4      0x154 ./gecko_sdk_4.4.6/platform/service/sleeptimer/src/sl_sleeptimer.o
                0x000011d4                process_timer_irq
 .text.sleeptimer_hal_init_timer
                0x00001328       0x64 ./gecko_sdk_4.4.6/platform/service/sleeptimer/src/sl_sleeptimer_hal_rtc.o
                0x00001328                sleeptimer_hal_init_timer
 .text.sleeptimer_hal_get_counter
                0x0000138c       0x24 ./gecko_sdk_4.4.6/platform/service/sleeptimer/src/sl_sleeptimer_hal_rtc.o
                0x0000138c                sleeptimer_hal_get_counter
 .text.sleeptimer_hal_enable_int
                0x000013b0       0x30 ./gecko_sdk_4.4.6/platform/service/sleeptimer/src/sl_sleeptimer_hal_rtc.o
                0x000013b0                sleeptimer_hal_enable_int
 .text.sleeptimer_hal_disable_int
                0x000013e0       0x2c ./gecko_sdk_4.4.6/platform/service/sleeptimer/src/sl_sleeptimer_hal_rtc.o
                0x000013e0                sleeptimer_hal_disable_int
 .text.sleeptimer_hal_set_compare
                0x0000140c       0x6c ./gecko_sdk_4.4.6/platform/service/sleeptimer/src/sl_sleeptimer_hal_rtc.o
                0x0000140c                sleeptimer_hal_set_compare
 .text.sleeptimer_hal_set_int
                0x00001478       0x10 ./gecko_sdk_4.4.6/platform/service/sleeptimer/src/sl_sleeptimer_hal_rtc.o
                0x00001478                sleeptimer_hal_set_int
 .text.sleeptimer_hal_get_timer_frequency
                0x00001488        0xc ./gecko_sdk_4.4.6/platform/service/sleeptimer/src/sl_sleeptimer_hal_rtc.o
                0x00001488                sleeptimer_hal_get_timer_frequency
 .text.RTC_IRQHandler
                0x00001494       0x84 ./gecko_sdk_4.4.6/platform/service/sleeptimer/src/sl_sleeptimer_hal_rtc.o
                0x00001494                RTC_IRQHandler
 .text          0x00001518       0x30 c:/siliconlabs/simplicitystudio/v5/developer/toolchains/gnu_arm/12.2.rel1_2023.7/bin/../lib/gcc/arm-none-eabi/12.2.1/thumb/v7-m/nofp\libgcc.a(_aeabi_uldivmod.o)
                0x00001518                __aeabi_uldivmod
 .text.__udivmoddi4
                0x00001548      0x2c0 c:/siliconlabs/simplicitystudio/v5/developer/toolchains/gnu_arm/12.2.rel1_2023.7/bin/../lib/gcc/arm-none-eabi/12.2.1/thumb/v7-m/nofp\libgcc.a(_udivmoddi4.o)
                0x00001548                __udivmoddi4
 .text          0x00001808        0x4 c:/siliconlabs/simplicitystudio/v5/developer/toolchains/gnu_arm/12.2.rel1_2023.7/bin/../lib/gcc/arm-none-eabi/12.2.1/thumb/v7-m/nofp\libgcc.a(_dvmd_tls.o)
                0x00001808                __aeabi_idiv0
                0x00001808                __aeabi_ldiv0
 .text.exit     0x0000180c       0x24 c:/siliconlabs/simplicitystudio/v5/developer/toolchains/gnu_arm/12.2.rel1_2023.7/bin/../lib/gcc/arm-none-eabi/12.2.1/thumb/v7-m/nofp\libc_nano.a(libc_a-exit.o)
                0x0000180c                exit
 .text.__libc_init_array
                0x00001830       0x48 c:/siliconlabs/simplicitystudio/v5/developer/toolchains/gnu_arm/12.2.rel1_2023.7/bin/../lib/gcc/arm-none-eabi/12.2.1/thumb/v7-m/nofp\libc_nano.a(libc_a-init.o)
                0x00001830                __libc_init_array
 .text.app_init
                0x00001878        0x2 ./app.o
                0x00001878                app_init
 .text.app_process_action
                0x0000187a        0x2 ./app.o
                0x0000187a                app_process_action
 .text.startup.main
                0x0000187c       0x14 ./main.o
                0x0000187c                main
 .text.sl_board_default_init
                0x00001890        0x2 ./autogen/sl_board_default_init.o
                0x00001890                sl_board_default_init
 .text.sl_driver_init
                0x00001892        0x2 ./autogen/sl_event_handler.o
                0x00001892                sl_driver_init
 .text.sl_service_init
                0x00001894        0xe ./autogen/sl_event_handler.o
                0x00001894                sl_service_init
 .text.sl_stack_init
                0x000018a2        0x2 ./autogen/sl_event_handler.o
                0x000018a2                sl_stack_init
 .text.sl_internal_app_init
                0x000018a4        0x2 ./autogen/sl_event_handler.o
                0x000018a4                sl_internal_app_init
 .text.sl_platform_process_action
                0x000018a6        0x2 ./autogen/sl_event_handler.o
                0x000018a6                sl_platform_process_action
 .text.sl_service_process_action
                0x000018a8        0x2 ./autogen/sl_event_handler.o
                0x000018a8                sl_service_process_action
 .text.sl_stack_process_action
                0x000018aa        0x2 ./autogen/sl_event_handler.o
                0x000018aa                sl_stack_process_action
 .text.sl_internal_app_process_action
                0x000018ac        0x2 ./autogen/sl_event_handler.o
                0x000018ac                sl_internal_app_process_action
 .text.sl_board_configure_vcom
                0x000018ae        0x4 ./gecko_sdk_4.4.6/hardware/board/src/sl_board_control_gpio.o
                0x000018ae                sl_board_configure_vcom
 .text.Default_Handler
                0x000018b2        0x2 ./gecko_sdk_4.4.6/platform/Device/SiliconLabs/EFM32GG/Source/startup_efm32gg.o
                0x000018b2                TIMER2_IRQHandler
                0x000018b2                DebugMon_Handler
                0x000018b2                USART0_TX_IRQHandler
                0x000018b2                I2C0_IRQHandler
                0x000018b2                HardFault_Handler
                0x000018b2                LEUART1_IRQHandler
                0x000018b2                SysTick_Handler
                0x000018b2                USART1_RX_IRQHandler
                0x000018b2                PendSV_Handler
                0x000018b2                NMI_Handler
                0x000018b2                I2C1_IRQHandler
                0x000018b2                TIMER3_IRQHandler
                0x000018b2                USART1_TX_IRQHandler
                0x000018b2                MSC_IRQHandler
                0x000018b2                ADC0_IRQHandler
                0x000018b2                UsageFault_Handler
                0x000018b2                LEUART0_IRQHandler
                0x000018b2                GPIO_EVEN_IRQHandler
                0x000018b2                UART0_TX_IRQHandler
                0x000018b2                UART1_TX_IRQHandler
                0x000018b2                TIMER0_IRQHandler
                0x000018b2                LCD_IRQHandler
                0x000018b2                PCNT2_IRQHandler
                0x000018b2                UART0_RX_IRQHandler
                0x000018b2                LETIMER0_IRQHandler
                0x000018b2                TIMER1_IRQHandler
                0x000018b2                USART2_RX_IRQHandler
                0x000018b2                Default_Handler
                0x000018b2                EMU_IRQHandler
                0x000018b2                PCNT0_IRQHandler
                0x000018b2                sl_app_properties
                0x000018b2                USB_IRQHandler
                0x000018b2                BURTC_IRQHandler
                0x000018b2                PCNT1_IRQHandler
                0x000018b2                ACMP0_IRQHandler
                0x000018b2                USART0_RX_IRQHandler
                0x000018b2                MemManage_Handler
                0x000018b2                SVC_Handler
                0x000018b2                DAC0_IRQHandler
                0x000018b2                UART1_RX_IRQHandler
                0x000018b2                CMU_IRQHandler
                0x000018b2                EBI_IRQHandler
                0x000018b2                GPIO_ODD_IRQHandler
                0x000018b2                LESENSE_IRQHandler
                0x000018b2                AES_IRQHandler
                0x000018b2                VCMP_IRQHandler
                0x000018b2                DMA_IRQHandler
                0x000018b2                BusFault_Handler
                0x000018b2                USART2_TX_IRQHandler
 .text.SystemLFRCOClockGet
                0x000018b4        0x6 ./gecko_sdk_4.4.6/platform/Device/SiliconLabs/EFM32GG/Source/system_efm32gg.o
                0x000018b4                SystemLFRCOClockGet
 .text.SystemULFRCOClockGet
                0x000018ba        0x6 ./gecko_sdk_4.4.6/platform/Device/SiliconLabs/EFM32GG/Source/system_efm32gg.o
                0x000018ba                SystemULFRCOClockGet
 .text.assertEFM
                0x000018c0        0x2 ./gecko_sdk_4.4.6/platform/common/src/sl_assert.o
                0x000018c0                assertEFM
 .text._exit    0x000018c2        0x2 ./gecko_sdk_4.4.6/platform/common/src/sl_syscalls.o
                0x000018c2                _exit
 .text.CORE_EnterCritical
                0x000018c4        0x8 ./gecko_sdk_4.4.6/platform/emlib/src/em_core.o
                0x000018c4                CORE_EnterCritical
 .text.CORE_ExitCritical
                0x000018cc        0x6 ./gecko_sdk_4.4.6/platform/emlib/src/em_core.o
                0x000018cc                CORE_ExitCritical
 .text.CORE_EnterAtomic
                0x000018d2        0xc ./gecko_sdk_4.4.6/platform/emlib/src/em_core.o
                0x000018d2                CORE_EnterAtomic
 .text.CORE_ExitAtomic
                0x000018de        0x6 ./gecko_sdk_4.4.6/platform/emlib/src/em_core.o
                0x000018de                CORE_ExitAtomic
 .text.sl_device_init_lfxo
                0x000018e4       0x22 ./gecko_sdk_4.4.6/platform/service/device_init/src/sl_device_init_lfxo_s0.o
                0x000018e4                sl_device_init_lfxo
 .text.sl_system_init
                0x00001906       0x1a ./gecko_sdk_4.4.6/platform/service/system/src/sl_system_init.o
                0x00001906                sl_system_init
 .text.sl_system_process_action
                0x00001920       0x16 ./gecko_sdk_4.4.6/platform/service/system/src/sl_system_process_action.o
                0x00001920                sl_system_process_action
 .text.memset   0x00001936       0x10 c:/siliconlabs/simplicitystudio/v5/developer/toolchains/gnu_arm/12.2.rel1_2023.7/bin/../lib/gcc/arm-none-eabi/12.2.1/thumb/v7-m/nofp\libc_nano.a(libc_a-memset.o)
                0x00001936                memset
                0x00001960                . = ALIGN (0x20)
 *fill*         0x00001946       0x1a 
                0x00001960                linker_code_end = .
 *(.init)
 .init          0x00001960        0x4 c:/siliconlabs/simplicitystudio/v5/developer/toolchains/gnu_arm/12.2.rel1_2023.7/bin/../lib/gcc/arm-none-eabi/12.2.1/thumb/v7-m/nofp/crti.o
                0x00001960                _init
 .init          0x00001964        0x8 c:/siliconlabs/simplicitystudio/v5/developer/toolchains/gnu_arm/12.2.rel1_2023.7/bin/../lib/gcc/arm-none-eabi/12.2.1/thumb/v7-m/nofp/crtn.o
 *(.fini)
 .fini          0x0000196c        0x4 c:/siliconlabs/simplicitystudio/v5/developer/toolchains/gnu_arm/12.2.rel1_2023.7/bin/../lib/gcc/arm-none-eabi/12.2.1/thumb/v7-m/nofp/crti.o
                0x0000196c                _fini
 .fini          0x00001970        0x8 c:/siliconlabs/simplicitystudio/v5/developer/toolchains/gnu_arm/12.2.rel1_2023.7/bin/../lib/gcc/arm-none-eabi/12.2.1/thumb/v7-m/nofp/crtn.o
 *crtbegin.o(.ctors)
 *crtbegin?.o(.ctors)
 *(EXCLUDE_FILE(*crtend.o *crtend?.o) .ctors)
 *(SORT_BY_NAME(.ctors.*))
 *(.ctors)
 *crtbegin.o(.dtors)
 *crtbegin?.o(.dtors)
 *(EXCLUDE_FILE(*crtend.o *crtend?.o) .dtors)
 *(SORT_BY_NAME(.dtors.*))
 *(.dtors)
                0x00001978                __code_classification_validator_start__ = .
                0x00001998                . = (. + 0x20)
 *fill*         0x00001978       0x20 
 *(code_classification_validator)
                0x000019a0                . = ALIGN (0x20)
 *fill*         0x00001998        0x8 
                0x000019a0                __code_classification_validator_end__ = .
 *(.rodata*)
 .rodata.CMU_DivToLog2.str1.1
                0x000019a0       0x52 ./gecko_sdk_4.4.6/platform/emlib/src/em_cmu.o
 .rodata.auxClkGet.str1.1
                0x000019f2       0x2f ./gecko_sdk_4.4.6/platform/emlib/src/em_cmu.o
 *fill*         0x00001a21        0x1 
 .rodata.CSWTCH.62
                0x00001a22        0xa ./gecko_sdk_4.4.6/platform/emlib/src/em_cmu.o
 .rodata.CSWTCH.61
                0x00001a2c        0xa ./gecko_sdk_4.4.6/platform/emlib/src/em_cmu.o
 .rodata.CSWTCH.60
                0x00001a36        0x5 ./gecko_sdk_4.4.6/platform/emlib/src/em_cmu.o
 .rodata.RTC_CompareGet.str1.1
                0x00001a3b       0x2f ./gecko_sdk_4.4.6/platform/emlib/src/em_rtc.o
 .rodata.SYSTEM_ChipRevisionGet.str1.1
                0x00001a6a       0x32 ./gecko_sdk_4.4.6/platform/emlib/src/em_system.o
 .rodata        0x00001a9c        0x5 ./gecko_sdk_4.4.6/platform/service/device_init/src/sl_device_init_emu_s0.o
 .rodata        0x00001aa1        0x4 ./gecko_sdk_4.4.6/platform/service/device_init/src/sl_device_init_hfxo_s0.o
 .rodata.process_timer_irq.str1.1
                0x00001aa5       0x43 ./gecko_sdk_4.4.6/platform/service/sleeptimer/src/sl_sleeptimer.o
 .rodata        0x00001ae8        0x3 ./gecko_sdk_4.4.6/platform/service/sleeptimer/src/sl_sleeptimer_hal_rtc.o
 *(.eh_frame*)
 *fill*         0x00001aeb        0x1 
 .eh_frame      0x00001aec        0x0 c:/siliconlabs/simplicitystudio/v5/developer/toolchains/gnu_arm/12.2.rel1_2023.7/bin/../lib/gcc/arm-none-eabi/12.2.1/thumb/v7-m/nofp/crtbegin.o

.glue_7         0x00001aec        0x0
 .glue_7        0x00001aec        0x0 linker stubs

.glue_7t        0x00001aec        0x0
 .glue_7t       0x00001aec        0x0 linker stubs

.vfp11_veneer   0x00001aec        0x0
 .vfp11_veneer  0x00001aec        0x0 linker stubs

.v4_bx          0x00001aec        0x0
 .v4_bx         0x00001aec        0x0 linker stubs

.iplt           0x00001aec        0x0
 .iplt          0x00001aec        0x0 c:/siliconlabs/simplicitystudio/v5/developer/toolchains/gnu_arm/12.2.rel1_2023.7/bin/../lib/gcc/arm-none-eabi/12.2.1/thumb/v7-m/nofp/crtbegin.o

.ARM.extab
 *(.ARM.extab* .gnu.linkonce.armextab.*)
                0x00001aec                __exidx_start = .

.ARM.exidx      0x00001aec        0x8
 *(.ARM.exidx* .gnu.linkonce.armexidx.*)
 .ARM.exidx     0x00001aec        0x8 c:/siliconlabs/simplicitystudio/v5/developer/toolchains/gnu_arm/12.2.rel1_2023.7/bin/../lib/gcc/arm-none-eabi/12.2.1/thumb/v7-m/nofp/crt0.o
                                 0x10 (size before relaxing)
 .ARM.exidx.text.__udivmoddi4
                0x00001af4        0x0 c:/siliconlabs/simplicitystudio/v5/developer/toolchains/gnu_arm/12.2.rel1_2023.7/bin/../lib/gcc/arm-none-eabi/12.2.1/thumb/v7-m/nofp\libgcc.a(_udivmoddi4.o)
                                  0x8 (size before relaxing)
                0x00001af4                __exidx_end = .

.rel.dyn        0x00001af4        0x0
 .rel.iplt      0x00001af4        0x0 c:/siliconlabs/simplicitystudio/v5/developer/toolchains/gnu_arm/12.2.rel1_2023.7/bin/../lib/gcc/arm-none-eabi/12.2.1/thumb/v7-m/nofp/crtbegin.o

.copy.table     0x00001af4        0xc
                0x00001af4                . = ALIGN (0x4)
                0x00001af4                __copy_table_start__ = .
                0x00001af4        0x4 LONG 0x1b00 __etext
                0x00001af8        0x4 LONG 0x20001000 __data_start__
                0x00001afc        0x4 LONG 0x7 ((__data_end__ - __data_start__) / 0x4)
                0x00001b00                __copy_table_end__ = .

.zero.table     0x00001b00        0x0
                0x00001b00                . = ALIGN (0x4)
                0x00001b00                __zero_table_start__ = .
                0x00001b00                __zero_table_end__ = .
                0x00001b00                __etext = .
                0x20000000                . = ORIGIN (RAM)

.stack          0x20000000     0x1000
                0x20000000                __StackLimit = .
 *(.stack*)
 .stack         0x20000000     0x1000 ./gecko_sdk_4.4.6/platform/common/toolchain/src/sl_memory.o
                0x20001000                . = ALIGN (0x4)
                0x20001000                __StackTop = .
                0x20001000                PROVIDE (__stack = __StackTop)

.noinit
 *(.noinit*)

.data           0x20001000       0x1c load address 0x00001b00
                0x20001000                . = ALIGN (0x4)
                0x20001000                __data_start__ = .
 *(vtable)
 *(SORT_BY_ALIGNMENT(.data*))
 .data.SystemCoreClock
                0x20001000        0x4 ./gecko_sdk_4.4.6/platform/Device/SiliconLabs/EFM32GG/Source/system_efm32gg.o
                0x20001000                SystemCoreClock
 .data.SystemLFXOClock
                0x20001004        0x4 ./gecko_sdk_4.4.6/platform/Device/SiliconLabs/EFM32GG/Source/system_efm32gg.o
 .data.SystemHFXOClock
                0x20001008        0x4 ./gecko_sdk_4.4.6/platform/Device/SiliconLabs/EFM32GG/Source/system_efm32gg.o
 .data.hfxo_precision
                0x2000100c        0x2 ./gecko_sdk_4.4.6/platform/emlib/src/em_cmu.o
 .data.lfxo_precision
                0x2000100e        0x2 ./gecko_sdk_4.4.6/platform/emlib/src/em_cmu.o
 .data.comp_int_disabled
                0x20001010        0x1 ./gecko_sdk_4.4.6/platform/service/sleeptimer/src/sl_sleeptimer_hal_rtc.o
                0x20001014                . = ALIGN (0x4)
 *fill*         0x20001011        0x3 
                [!provide]                PROVIDE (__ram_func_section_start = .)
 *(.ram)
                [!provide]                PROVIDE (__ram_func_section_end = .)
                0x20001014                . = ALIGN (0x4)
                0x20001014                PROVIDE (__preinit_array_start = .)
 *(.preinit_array)
                0x20001014                PROVIDE (__preinit_array_end = .)
                0x20001014                . = ALIGN (0x4)
                0x20001014                PROVIDE (__init_array_start = .)
 *(SORT_BY_NAME(.init_array.*))
 *(.init_array)
 .init_array    0x20001014        0x4 c:/siliconlabs/simplicitystudio/v5/developer/toolchains/gnu_arm/12.2.rel1_2023.7/bin/../lib/gcc/arm-none-eabi/12.2.1/thumb/v7-m/nofp/crtbegin.o
                0x20001018                PROVIDE (__init_array_end = .)
                0x20001018                . = ALIGN (0x4)
                [!provide]                PROVIDE (__fini_array_start = .)
 *(SORT_BY_NAME(.fini_array.*))
 *(.fini_array)
 .fini_array    0x20001018        0x4 c:/siliconlabs/simplicitystudio/v5/developer/toolchains/gnu_arm/12.2.rel1_2023.7/bin/../lib/gcc/arm-none-eabi/12.2.1/thumb/v7-m/nofp/crtbegin.o
                [!provide]                PROVIDE (__fini_array_end = .)
                0x2000101c                . = ALIGN (0x4)
                0x2000101c                __data_end__ = .

.tm_clone_table
                0x2000101c        0x0 load address 0x00001b1c
 .tm_clone_table
                0x2000101c        0x0 c:/siliconlabs/simplicitystudio/v5/developer/toolchains/gnu_arm/12.2.rel1_2023.7/bin/../lib/gcc/arm-none-eabi/12.2.1/thumb/v7-m/nofp/crtbegin.o
 .tm_clone_table
                0x2000101c        0x0 c:/siliconlabs/simplicitystudio/v5/developer/toolchains/gnu_arm/12.2.rel1_2023.7/bin/../lib/gcc/arm-none-eabi/12.2.1/thumb/v7-m/nofp/crtend.o

.igot.plt       0x2000101c        0x0 load address 0x00001b1c
 .igot.plt      0x2000101c        0x0 c:/siliconlabs/simplicitystudio/v5/developer/toolchains/gnu_arm/12.2.rel1_2023.7/bin/../lib/gcc/arm-none-eabi/12.2.1/thumb/v7-m/nofp/crtbegin.o

.bss            0x2000101c       0x38 load address 0x00001b1c
                0x2000101c                . = ALIGN (0x4)
                0x2000101c                __bss_start__ = .
 *(SORT_BY_ALIGNMENT(.bss*))
 .bss.object.0  0x2000101c       0x18 c:/siliconlabs/simplicitystudio/v5/developer/toolchains/gnu_arm/12.2.rel1_2023.7/bin/../lib/gcc/arm-none-eabi/12.2.1/thumb/v7-m/nofp/crtbegin.o
 .bss.max_millisecond_conversion
                0x20001034        0x4 ./gecko_sdk_4.4.6/platform/service/sleeptimer/src/sl_sleeptimer.o
 .bss.last_delta_update_count
                0x20001038        0x4 ./gecko_sdk_4.4.6/platform/service/sleeptimer/src/sl_sleeptimer.o
 .bss.timer_head
                0x2000103c        0x4 ./gecko_sdk_4.4.6/platform/service/sleeptimer/src/sl_sleeptimer.o
 .bss.timer_frequency
                0x20001040        0x4 ./gecko_sdk_4.4.6/platform/service/sleeptimer/src/sl_sleeptimer.o
 .bss.compare_value_32
                0x20001044        0x4 ./gecko_sdk_4.4.6/platform/service/sleeptimer/src/sl_sleeptimer_hal_rtc.o
 .bss.__stdio_exit_handler
                0x20001048        0x4 c:/siliconlabs/simplicitystudio/v5/developer/toolchains/gnu_arm/12.2.rel1_2023.7/bin/../lib/gcc/arm-none-eabi/12.2.1/thumb/v7-m/nofp\libc_nano.a(libc_a-findfp.o)
                0x20001048                __stdio_exit_handler
 .bss.overflow_counter
                0x2000104c        0x2 ./gecko_sdk_4.4.6/platform/service/sleeptimer/src/sl_sleeptimer.o
 .bss.completed.1
                0x2000104e        0x1 c:/siliconlabs/simplicitystudio/v5/developer/toolchains/gnu_arm/12.2.rel1_2023.7/bin/../lib/gcc/arm-none-eabi/12.2.1/thumb/v7-m/nofp/crtbegin.o
 .bss.sleep_on_isr_exit
                0x2000104f        0x1 ./gecko_sdk_4.4.6/platform/service/sleeptimer/src/sl_sleeptimer.o
 .bss.next_timer_to_expire_is_power_manager
                0x20001050        0x1 ./gecko_sdk_4.4.6/platform/service/sleeptimer/src/sl_sleeptimer.o
 .bss.is_sleeptimer_initialized
                0x20001051        0x1 ./gecko_sdk_4.4.6/platform/service/sleeptimer/src/sl_sleeptimer.o
 .bss.rtc_overflow_count
                0x20001052        0x1 ./gecko_sdk_4.4.6/platform/service/sleeptimer/src/sl_sleeptimer_hal_rtc.o
 *(COMMON)
                0x20001054                . = ALIGN (0x4)
 *fill*         0x20001053        0x1 
                0x20001054                __bss_end__ = .
                0x20001054                __ramfuncs_start__ = .
                0x20001054                __vma_ramfuncs_start__ = .
                0x00001b1c                __lma_ramfuncs_start__ = (__etext + SIZEOF (.data))
                0x00000000                __text_application_ram_offset__ = (. - __vma_ramfuncs_start__)

text_application_ram
                0x20001054        0x0 load address 0x00001b1c
                0x20001054                . = ALIGN (0x4)
                0x20001054                __text_application_ram_start__ = .
 *(text_application_ram)
                0x20001054                . = ALIGN (0x4)
                0x20001054                __text_application_ram_end__ = .
                0x20001054                . = ALIGN (0x4)
                0x20001054                __vma_ramfuncs_end__ = .
                0x00001b1c                __lma_ramfuncs_end__ = ((__lma_ramfuncs_start__ + __text_application_ram_offset__) + SIZEOF (text_application_ram))
                0x20001054                __ramfuncs_end__ = .

.heap           0x20001058      0x800
                0x20001058                __HeapBase = .
                0x20001058                __end__ = .
                0x20001058                end = __end__
                0x20001058                _end = __end__
 *(.heap*)
 .heap          0x20001058      0x800 ./gecko_sdk_4.4.6/platform/common/toolchain/src/sl_memory.o
                0x20020000                __HeapLimit = (ORIGIN (RAM) + LENGTH (RAM))
                0x0001efa8                __heap_size = (__HeapLimit - __HeapBase)
                0x20020000                __ram_end__ = 0x20020000
                0x00100000                __main_flash_end__ = 0x100000

.internal_storage
 *(.internal_storage*)

.nvm
 *(.simee*)
                0x00100000                linker_nvm_end = __main_flash_end__
                0x00100000                linker_nvm_begin = (linker_nvm_end - SIZEOF (.nvm))
                0x00000000                linker_nvm_size = SIZEOF (.nvm)
                0x00100000                linker_storage_end = linker_nvm_begin
                0x00100000                __nvm3Base = linker_nvm_begin
                0x00100000                linker_storage_begin = (linker_storage_end - SIZEOF (.internal_storage))
                0x00000000                linker_storage_size = SIZEOF (.internal_storage)
                0x00000001                ASSERT ((linker_storage_begin >= (__etext + SIZEOF (.data))), FLASH memory overflowed !)
OUTPUT(hazifeladatkozos.axf elf32-littlearm)
LOAD linker stubs

.ARM.attributes
                0x00000000       0x29
 .ARM.attributes
                0x00000000       0x1d c:/siliconlabs/simplicitystudio/v5/developer/toolchains/gnu_arm/12.2.rel1_2023.7/bin/../lib/gcc/arm-none-eabi/12.2.1/thumb/v7-m/nofp/crti.o
 .ARM.attributes
                0x0000001d       0x2d c:/siliconlabs/simplicitystudio/v5/developer/toolchains/gnu_arm/12.2.rel1_2023.7/bin/../lib/gcc/arm-none-eabi/12.2.1/thumb/v7-m/nofp/crtbegin.o
 .ARM.attributes
                0x0000004a       0x1b c:/siliconlabs/simplicitystudio/v5/developer/toolchains/gnu_arm/12.2.rel1_2023.7/bin/../lib/gcc/arm-none-eabi/12.2.1/thumb/v7-m/nofp/crt0.o
 .ARM.attributes
                0x00000065       0x2d ./app.o
 .ARM.attributes
                0x00000092       0x2d ./main.o
 .ARM.attributes
                0x000000bf       0x2d ./autogen/sl_board_default_init.o
 .ARM.attributes
                0x000000ec       0x2d ./autogen/sl_device_init_clocks.o
 .ARM.attributes
                0x00000119       0x2d ./autogen/sl_event_handler.o
 .ARM.attributes
                0x00000146       0x2d ./gecko_sdk_4.4.6/hardware/board/src/sl_board_control_gpio.o
 .ARM.attributes
                0x00000173       0x2d ./gecko_sdk_4.4.6/hardware/board/src/sl_board_init.o
 .ARM.attributes
                0x000001a0       0x2d ./gecko_sdk_4.4.6/platform/Device/SiliconLabs/EFM32GG/Source/startup_efm32gg.o
 .ARM.attributes
                0x000001cd       0x2d ./gecko_sdk_4.4.6/platform/Device/SiliconLabs/EFM32GG/Source/system_efm32gg.o
 .ARM.attributes
                0x000001fa       0x2d ./gecko_sdk_4.4.6/platform/common/src/sl_assert.o
 .ARM.attributes
                0x00000227       0x2d ./gecko_sdk_4.4.6/platform/common/src/sl_syscalls.o
 .ARM.attributes
                0x00000254       0x2d ./gecko_sdk_4.4.6/platform/common/toolchain/src/sl_memory.o
 .ARM.attributes
                0x00000281       0x2d ./gecko_sdk_4.4.6/platform/emlib/src/em_cmu.o
 .ARM.attributes
                0x000002ae       0x2d ./gecko_sdk_4.4.6/platform/emlib/src/em_core.o
 .ARM.attributes
                0x000002db       0x2d ./gecko_sdk_4.4.6/platform/emlib/src/em_emu.o
 .ARM.attributes
                0x00000308       0x2d ./gecko_sdk_4.4.6/platform/emlib/src/em_rtc.o
 .ARM.attributes
                0x00000335       0x2d ./gecko_sdk_4.4.6/platform/emlib/src/em_system.o
 .ARM.attributes
                0x00000362       0x2d ./gecko_sdk_4.4.6/platform/service/device_init/src/sl_device_init_emu_s0.o
 .ARM.attributes
                0x0000038f       0x2d ./gecko_sdk_4.4.6/platform/service/device_init/src/sl_device_init_hfxo_s0.o
 .ARM.attributes
                0x000003bc       0x2d ./gecko_sdk_4.4.6/platform/service/device_init/src/sl_device_init_lfxo_s0.o
 .ARM.attributes
                0x000003e9       0x2d ./gecko_sdk_4.4.6/platform/service/device_init/src/sl_device_init_nvic.o
 .ARM.attributes
                0x00000416       0x2d ./gecko_sdk_4.4.6/platform/service/sleeptimer/src/sl_sleeptimer.o
 .ARM.attributes
                0x00000443       0x2d ./gecko_sdk_4.4.6/platform/service/sleeptimer/src/sl_sleeptimer_hal_rtc.o
 .ARM.attributes
                0x00000470       0x2d ./gecko_sdk_4.4.6/platform/service/system/src/sl_system_init.o
 .ARM.attributes
                0x0000049d       0x2d ./gecko_sdk_4.4.6/platform/service/system/src/sl_system_process_action.o
 .ARM.attributes
                0x000004ca       0x1d c:/siliconlabs/simplicitystudio/v5/developer/toolchains/gnu_arm/12.2.rel1_2023.7/bin/../lib/gcc/arm-none-eabi/12.2.1/thumb/v7-m/nofp\libgcc.a(_aeabi_uldivmod.o)
 .ARM.attributes
                0x000004e7       0x2d c:/siliconlabs/simplicitystudio/v5/developer/toolchains/gnu_arm/12.2.rel1_2023.7/bin/../lib/gcc/arm-none-eabi/12.2.1/thumb/v7-m/nofp\libgcc.a(_udivmoddi4.o)
 .ARM.attributes
                0x00000514       0x1d c:/siliconlabs/simplicitystudio/v5/developer/toolchains/gnu_arm/12.2.rel1_2023.7/bin/../lib/gcc/arm-none-eabi/12.2.1/thumb/v7-m/nofp\libgcc.a(_dvmd_tls.o)
 .ARM.attributes
                0x00000531       0x2d c:/siliconlabs/simplicitystudio/v5/developer/toolchains/gnu_arm/12.2.rel1_2023.7/bin/../lib/gcc/arm-none-eabi/12.2.1/thumb/v7-m/nofp\libc_nano.a(libc_a-exit.o)
 .ARM.attributes
                0x0000055e       0x2d c:/siliconlabs/simplicitystudio/v5/developer/toolchains/gnu_arm/12.2.rel1_2023.7/bin/../lib/gcc/arm-none-eabi/12.2.1/thumb/v7-m/nofp\libc_nano.a(libc_a-findfp.o)
 .ARM.attributes
                0x0000058b       0x2d c:/siliconlabs/simplicitystudio/v5/developer/toolchains/gnu_arm/12.2.rel1_2023.7/bin/../lib/gcc/arm-none-eabi/12.2.1/thumb/v7-m/nofp\libc_nano.a(libc_a-memset.o)
 .ARM.attributes
                0x000005b8       0x2d c:/siliconlabs/simplicitystudio/v5/developer/toolchains/gnu_arm/12.2.rel1_2023.7/bin/../lib/gcc/arm-none-eabi/12.2.1/thumb/v7-m/nofp\libc_nano.a(libc_a-init.o)
 .ARM.attributes
                0x000005e5       0x2d c:/siliconlabs/simplicitystudio/v5/developer/toolchains/gnu_arm/12.2.rel1_2023.7/bin/../lib/gcc/arm-none-eabi/12.2.1/thumb/v7-m/nofp/crtend.o
 .ARM.attributes
                0x00000612       0x1d c:/siliconlabs/simplicitystudio/v5/developer/toolchains/gnu_arm/12.2.rel1_2023.7/bin/../lib/gcc/arm-none-eabi/12.2.1/thumb/v7-m/nofp/crtn.o

.comment        0x00000000       0x45
 .comment       0x00000000       0x45 ./app.o
                                 0x46 (size before relaxing)
 .comment       0x00000045       0x46 ./main.o
 .comment       0x00000045       0x46 ./autogen/sl_board_default_init.o
 .comment       0x00000045       0x46 ./autogen/sl_device_init_clocks.o
 .comment       0x00000045       0x46 ./autogen/sl_event_handler.o
 .comment       0x00000045       0x46 ./gecko_sdk_4.4.6/hardware/board/src/sl_board_control_gpio.o
 .comment       0x00000045       0x46 ./gecko_sdk_4.4.6/hardware/board/src/sl_board_init.o
 .comment       0x00000045       0x46 ./gecko_sdk_4.4.6/platform/Device/SiliconLabs/EFM32GG/Source/startup_efm32gg.o
 .comment       0x00000045       0x46 ./gecko_sdk_4.4.6/platform/Device/SiliconLabs/EFM32GG/Source/system_efm32gg.o
 .comment       0x00000045       0x46 ./gecko_sdk_4.4.6/platform/common/src/sl_assert.o
 .comment       0x00000045       0x46 ./gecko_sdk_4.4.6/platform/common/src/sl_syscalls.o
 .comment       0x00000045       0x46 ./gecko_sdk_4.4.6/platform/common/toolchain/src/sl_memory.o
 .comment       0x00000045       0x46 ./gecko_sdk_4.4.6/platform/emlib/src/em_cmu.o
 .comment       0x00000045       0x46 ./gecko_sdk_4.4.6/platform/emlib/src/em_core.o
 .comment       0x00000045       0x46 ./gecko_sdk_4.4.6/platform/emlib/src/em_emu.o
 .comment       0x00000045       0x46 ./gecko_sdk_4.4.6/platform/emlib/src/em_rtc.o
 .comment       0x00000045       0x46 ./gecko_sdk_4.4.6/platform/emlib/src/em_system.o
 .comment       0x00000045       0x46 ./gecko_sdk_4.4.6/platform/service/device_init/src/sl_device_init_emu_s0.o
 .comment       0x00000045       0x46 ./gecko_sdk_4.4.6/platform/service/device_init/src/sl_device_init_hfxo_s0.o
 .comment       0x00000045       0x46 ./gecko_sdk_4.4.6/platform/service/device_init/src/sl_device_init_lfxo_s0.o
 .comment       0x00000045       0x46 ./gecko_sdk_4.4.6/platform/service/device_init/src/sl_device_init_nvic.o
 .comment       0x00000045       0x46 ./gecko_sdk_4.4.6/platform/service/sleeptimer/src/sl_sleeptimer.o
 .comment       0x00000045       0x46 ./gecko_sdk_4.4.6/platform/service/sleeptimer/src/sl_sleeptimer_hal_rtc.o
 .comment       0x00000045       0x46 ./gecko_sdk_4.4.6/platform/service/system/src/sl_system_init.o
 .comment       0x00000045       0x46 ./gecko_sdk_4.4.6/platform/service/system/src/sl_system_process_action.o

.debug_line_str
                0x00000000      0x1b0
 .debug_line_str
                0x00000000       0xdf c:/siliconlabs/simplicitystudio/v5/developer/toolchains/gnu_arm/12.2.rel1_2023.7/bin/../lib/gcc/arm-none-eabi/12.2.1/thumb/v7-m/nofp/crt0.o
 .debug_line_str
                0x000000df       0xc5 c:/siliconlabs/simplicitystudio/v5/developer/toolchains/gnu_arm/12.2.rel1_2023.7/bin/../lib/gcc/arm-none-eabi/12.2.1/thumb/v7-m/nofp\libgcc.a(_aeabi_uldivmod.o)
 .debug_line_str
                0x000001a4        0xc c:/siliconlabs/simplicitystudio/v5/developer/toolchains/gnu_arm/12.2.rel1_2023.7/bin/../lib/gcc/arm-none-eabi/12.2.1/thumb/v7-m/nofp\libgcc.a(_dvmd_tls.o)
                                 0xc9 (size before relaxing)

.debug_info     0x00000000     0xbb09
 .debug_info    0x00000000       0x50 ./app.o
 .debug_info    0x00000050       0xa1 ./main.o
 .debug_info    0x000000f1       0x86 ./autogen/sl_board_default_init.o
 .debug_info    0x00000177      0x576 ./autogen/sl_device_init_clocks.o
 .debug_info    0x000006ed      0x45c ./autogen/sl_event_handler.o
 .debug_info    0x00000b49      0x525 ./gecko_sdk_4.4.6/hardware/board/src/sl_board_control_gpio.o
 .debug_info    0x0000106e      0x2b6 ./gecko_sdk_4.4.6/hardware/board/src/sl_board_init.o
 .debug_info    0x00001324      0x321 ./gecko_sdk_4.4.6/platform/Device/SiliconLabs/EFM32GG/Source/startup_efm32gg.o
 .debug_info    0x00001645      0x828 ./gecko_sdk_4.4.6/platform/Device/SiliconLabs/EFM32GG/Source/system_efm32gg.o
 .debug_info    0x00001e6d       0x86 ./gecko_sdk_4.4.6/platform/common/src/sl_assert.o
 .debug_info    0x00001ef3      0x306 ./gecko_sdk_4.4.6/platform/common/src/sl_syscalls.o
 .debug_info    0x000021f9      0x205 ./gecko_sdk_4.4.6/platform/common/toolchain/src/sl_memory.o
 .debug_info    0x000023fe     0x2d75 ./gecko_sdk_4.4.6/platform/emlib/src/em_cmu.o
 .debug_info    0x00005173     0x1172 ./gecko_sdk_4.4.6/platform/emlib/src/em_core.o
 .debug_info    0x000062e5     0x16df ./gecko_sdk_4.4.6/platform/emlib/src/em_emu.o
 .debug_info    0x000079c4      0x50d ./gecko_sdk_4.4.6/platform/emlib/src/em_rtc.o
 .debug_info    0x00007ed1      0x67f ./gecko_sdk_4.4.6/platform/emlib/src/em_system.o
 .debug_info    0x00008550      0x18d ./gecko_sdk_4.4.6/platform/service/device_init/src/sl_device_init_emu_s0.o
 .debug_info    0x000086dd      0x209 ./gecko_sdk_4.4.6/platform/service/device_init/src/sl_device_init_hfxo_s0.o
 .debug_info    0x000088e6      0x206 ./gecko_sdk_4.4.6/platform/service/device_init/src/sl_device_init_lfxo_s0.o
 .debug_info    0x00008aec      0x5bf ./gecko_sdk_4.4.6/platform/service/device_init/src/sl_device_init_nvic.o
 .debug_info    0x000090ab     0x1a68 ./gecko_sdk_4.4.6/platform/service/sleeptimer/src/sl_sleeptimer.o
 .debug_info    0x0000ab13      0xebc ./gecko_sdk_4.4.6/platform/service/sleeptimer/src/sl_sleeptimer_hal_rtc.o
 .debug_info    0x0000b9cf       0xa7 ./gecko_sdk_4.4.6/platform/service/system/src/sl_system_init.o
 .debug_info    0x0000ba76       0x93 ./gecko_sdk_4.4.6/platform/service/system/src/sl_system_process_action.o

.debug_abbrev   0x00000000     0x2cf5
 .debug_abbrev  0x00000000       0x4a ./app.o
 .debug_abbrev  0x0000004a       0x5d ./main.o
 .debug_abbrev  0x000000a7       0x46 ./autogen/sl_board_default_init.o
 .debug_abbrev  0x000000ed      0x13c ./autogen/sl_device_init_clocks.o
 .debug_abbrev  0x00000229      0x1d7 ./autogen/sl_event_handler.o
 .debug_abbrev  0x00000400      0x1af ./gecko_sdk_4.4.6/hardware/board/src/sl_board_control_gpio.o
 .debug_abbrev  0x000005af      0x10b ./gecko_sdk_4.4.6/hardware/board/src/sl_board_init.o
 .debug_abbrev  0x000006ba      0x1c8 ./gecko_sdk_4.4.6/platform/Device/SiliconLabs/EFM32GG/Source/startup_efm32gg.o
 .debug_abbrev  0x00000882      0x246 ./gecko_sdk_4.4.6/platform/Device/SiliconLabs/EFM32GG/Source/system_efm32gg.o
 .debug_abbrev  0x00000ac8       0x6c ./gecko_sdk_4.4.6/platform/common/src/sl_assert.o
 .debug_abbrev  0x00000b34      0x143 ./gecko_sdk_4.4.6/platform/common/src/sl_syscalls.o
 .debug_abbrev  0x00000c77      0x11e ./gecko_sdk_4.4.6/platform/common/toolchain/src/sl_memory.o
 .debug_abbrev  0x00000d95      0x4db ./gecko_sdk_4.4.6/platform/emlib/src/em_cmu.o
 .debug_abbrev  0x00001270      0x33e ./gecko_sdk_4.4.6/platform/emlib/src/em_core.o
 .debug_abbrev  0x000015ae      0x460 ./gecko_sdk_4.4.6/platform/emlib/src/em_emu.o
 .debug_abbrev  0x00001a0e      0x26e ./gecko_sdk_4.4.6/platform/emlib/src/em_rtc.o
 .debug_abbrev  0x00001c7c      0x27a ./gecko_sdk_4.4.6/platform/emlib/src/em_system.o
 .debug_abbrev  0x00001ef6      0x107 ./gecko_sdk_4.4.6/platform/service/device_init/src/sl_device_init_emu_s0.o
 .debug_abbrev  0x00001ffd      0x11a ./gecko_sdk_4.4.6/platform/service/device_init/src/sl_device_init_hfxo_s0.o
 .debug_abbrev  0x00002117      0x105 ./gecko_sdk_4.4.6/platform/service/device_init/src/sl_device_init_lfxo_s0.o
 .debug_abbrev  0x0000221c      0x15a ./gecko_sdk_4.4.6/platform/service/device_init/src/sl_device_init_nvic.o
 .debug_abbrev  0x00002376      0x495 ./gecko_sdk_4.4.6/platform/service/sleeptimer/src/sl_sleeptimer.o
 .debug_abbrev  0x0000280b      0x432 ./gecko_sdk_4.4.6/platform/service/sleeptimer/src/sl_sleeptimer_hal_rtc.o
 .debug_abbrev  0x00002c3d       0x5c ./gecko_sdk_4.4.6/platform/service/system/src/sl_system_init.o
 .debug_abbrev  0x00002c99       0x5c ./gecko_sdk_4.4.6/platform/service/system/src/sl_system_process_action.o

.debug_aranges  0x00000000      0x940
 .debug_aranges
                0x00000000       0x28 ./app.o
 .debug_aranges
                0x00000028       0x20 ./main.o
 .debug_aranges
                0x00000048       0x20 ./autogen/sl_board_default_init.o
 .debug_aranges
                0x00000068       0x20 ./autogen/sl_device_init_clocks.o
 .debug_aranges
                0x00000088       0x60 ./autogen/sl_event_handler.o
 .debug_aranges
                0x000000e8       0x70 ./gecko_sdk_4.4.6/hardware/board/src/sl_board_control_gpio.o
 .debug_aranges
                0x00000158       0x28 ./gecko_sdk_4.4.6/hardware/board/src/sl_board_init.o
 .debug_aranges
                0x00000180       0x28 ./gecko_sdk_4.4.6/platform/Device/SiliconLabs/EFM32GG/Source/startup_efm32gg.o
 .debug_aranges
                0x000001a8       0x68 ./gecko_sdk_4.4.6/platform/Device/SiliconLabs/EFM32GG/Source/system_efm32gg.o
 .debug_aranges
                0x00000210       0x20 ./gecko_sdk_4.4.6/platform/common/src/sl_assert.o
 .debug_aranges
                0x00000230       0x68 ./gecko_sdk_4.4.6/platform/common/src/sl_syscalls.o
 .debug_aranges
                0x00000298       0x30 ./gecko_sdk_4.4.6/platform/common/toolchain/src/sl_memory.o
 .debug_aranges
                0x000002c8      0x180 ./gecko_sdk_4.4.6/platform/emlib/src/em_cmu.o
 .debug_aranges
                0x00000448       0xe8 ./gecko_sdk_4.4.6/platform/emlib/src/em_core.o
 .debug_aranges
                0x00000530       0xe8 ./gecko_sdk_4.4.6/platform/emlib/src/em_emu.o
 .debug_aranges
                0x00000618       0x50 ./gecko_sdk_4.4.6/platform/emlib/src/em_rtc.o
 .debug_aranges
                0x00000668       0x78 ./gecko_sdk_4.4.6/platform/emlib/src/em_system.o
 .debug_aranges
                0x000006e0       0x20 ./gecko_sdk_4.4.6/platform/service/device_init/src/sl_device_init_emu_s0.o
 .debug_aranges
                0x00000700       0x20 ./gecko_sdk_4.4.6/platform/service/device_init/src/sl_device_init_hfxo_s0.o
 .debug_aranges
                0x00000720       0x20 ./gecko_sdk_4.4.6/platform/service/device_init/src/sl_device_init_lfxo_s0.o
 .debug_aranges
                0x00000740       0x20 ./gecko_sdk_4.4.6/platform/service/device_init/src/sl_device_init_nvic.o
 .debug_aranges
                0x00000760      0x120 ./gecko_sdk_4.4.6/platform/service/sleeptimer/src/sl_sleeptimer.o
 .debug_aranges
                0x00000880       0x80 ./gecko_sdk_4.4.6/platform/service/sleeptimer/src/sl_sleeptimer_hal_rtc.o
 .debug_aranges
                0x00000900       0x20 ./gecko_sdk_4.4.6/platform/service/system/src/sl_system_init.o
 .debug_aranges
                0x00000920       0x20 ./gecko_sdk_4.4.6/platform/service/system/src/sl_system_process_action.o

.debug_ranges   0x00000000      0xd60
 .debug_ranges  0x00000000       0x18 ./app.o
 .debug_ranges  0x00000018       0x10 ./main.o
 .debug_ranges  0x00000028       0x10 ./autogen/sl_board_default_init.o
 .debug_ranges  0x00000038       0x10 ./autogen/sl_device_init_clocks.o
 .debug_ranges  0x00000048       0x50 ./autogen/sl_event_handler.o
 .debug_ranges  0x00000098       0x60 ./gecko_sdk_4.4.6/hardware/board/src/sl_board_control_gpio.o
 .debug_ranges  0x000000f8       0x18 ./gecko_sdk_4.4.6/hardware/board/src/sl_board_init.o
 .debug_ranges  0x00000110       0x80 ./gecko_sdk_4.4.6/platform/Device/SiliconLabs/EFM32GG/Source/startup_efm32gg.o
 .debug_ranges  0x00000190       0x88 ./gecko_sdk_4.4.6/platform/Device/SiliconLabs/EFM32GG/Source/system_efm32gg.o
 .debug_ranges  0x00000218       0x10 ./gecko_sdk_4.4.6/platform/common/src/sl_assert.o
 .debug_ranges  0x00000228       0x58 ./gecko_sdk_4.4.6/platform/common/src/sl_syscalls.o
 .debug_ranges  0x00000280       0x20 ./gecko_sdk_4.4.6/platform/common/toolchain/src/sl_memory.o
 .debug_ranges  0x000002a0      0x300 ./gecko_sdk_4.4.6/platform/emlib/src/em_cmu.o
 .debug_ranges  0x000005a0      0x1a0 ./gecko_sdk_4.4.6/platform/emlib/src/em_core.o
 .debug_ranges  0x00000740      0x1d0 ./gecko_sdk_4.4.6/platform/emlib/src/em_emu.o
 .debug_ranges  0x00000910       0x40 ./gecko_sdk_4.4.6/platform/emlib/src/em_rtc.o
 .debug_ranges  0x00000950       0x68 ./gecko_sdk_4.4.6/platform/emlib/src/em_system.o
 .debug_ranges  0x000009b8       0x10 ./gecko_sdk_4.4.6/platform/service/device_init/src/sl_device_init_emu_s0.o
 .debug_ranges  0x000009c8       0x10 ./gecko_sdk_4.4.6/platform/service/device_init/src/sl_device_init_hfxo_s0.o
 .debug_ranges  0x000009d8       0x10 ./gecko_sdk_4.4.6/platform/service/device_init/src/sl_device_init_lfxo_s0.o
 .debug_ranges  0x000009e8       0x58 ./gecko_sdk_4.4.6/platform/service/device_init/src/sl_device_init_nvic.o
 .debug_ranges  0x00000a40      0x1a0 ./gecko_sdk_4.4.6/platform/service/sleeptimer/src/sl_sleeptimer.o
 .debug_ranges  0x00000be0      0x160 ./gecko_sdk_4.4.6/platform/service/sleeptimer/src/sl_sleeptimer_hal_rtc.o
 .debug_ranges  0x00000d40       0x10 ./gecko_sdk_4.4.6/platform/service/system/src/sl_system_init.o
 .debug_ranges  0x00000d50       0x10 ./gecko_sdk_4.4.6/platform/service/system/src/sl_system_process_action.o

.debug_line     0x00000000     0x7dc3
 .debug_line    0x00000000       0x4c ./app.o
 .debug_line    0x0000004c       0xe9 ./main.o
 .debug_line    0x00000135       0x55 ./autogen/sl_board_default_init.o
 .debug_line    0x0000018a      0x2a7 ./autogen/sl_device_init_clocks.o
 .debug_line    0x00000431      0x52e ./autogen/sl_event_handler.o
 .debug_line    0x0000095f      0x441 ./gecko_sdk_4.4.6/hardware/board/src/sl_board_control_gpio.o
 .debug_line    0x00000da0      0x1db ./gecko_sdk_4.4.6/hardware/board/src/sl_board_init.o
 .debug_line    0x00000f7b      0x2dd ./gecko_sdk_4.4.6/platform/Device/SiliconLabs/EFM32GG/Source/startup_efm32gg.o
 .debug_line    0x00001258      0x44e ./gecko_sdk_4.4.6/platform/Device/SiliconLabs/EFM32GG/Source/system_efm32gg.o
 .debug_line    0x000016a6       0x85 ./gecko_sdk_4.4.6/platform/common/src/sl_assert.o
 .debug_line    0x0000172b      0x185 ./gecko_sdk_4.4.6/platform/common/src/sl_syscalls.o
 .debug_line    0x000018b0      0x2d5 ./gecko_sdk_4.4.6/platform/common/toolchain/src/sl_memory.o
 .debug_line    0x00001b85     0x1d6e ./gecko_sdk_4.4.6/platform/emlib/src/em_cmu.o
 .debug_line    0x000038f3      0xa59 ./gecko_sdk_4.4.6/platform/emlib/src/em_core.o
 .debug_line    0x0000434c      0xc10 ./gecko_sdk_4.4.6/platform/emlib/src/em_emu.o
 .debug_line    0x00004f5c      0x48b ./gecko_sdk_4.4.6/platform/emlib/src/em_rtc.o
 .debug_line    0x000053e7      0x4da ./gecko_sdk_4.4.6/platform/emlib/src/em_system.o
 .debug_line    0x000058c1      0x23c ./gecko_sdk_4.4.6/platform/service/device_init/src/sl_device_init_emu_s0.o
 .debug_line    0x00005afd      0x2b1 ./gecko_sdk_4.4.6/platform/service/device_init/src/sl_device_init_hfxo_s0.o
 .debug_line    0x00005dae      0x243 ./gecko_sdk_4.4.6/platform/service/device_init/src/sl_device_init_lfxo_s0.o
 .debug_line    0x00005ff1      0x326 ./gecko_sdk_4.4.6/platform/service/device_init/src/sl_device_init_nvic.o
 .debug_line    0x00006317     0x10b7 ./gecko_sdk_4.4.6/platform/service/sleeptimer/src/sl_sleeptimer.o
 .debug_line    0x000073ce      0x866 ./gecko_sdk_4.4.6/platform/service/sleeptimer/src/sl_sleeptimer_hal_rtc.o
 .debug_line    0x00007c34       0xc3 ./gecko_sdk_4.4.6/platform/service/system/src/sl_system_init.o
 .debug_line    0x00007cf7       0xcc ./gecko_sdk_4.4.6/platform/service/system/src/sl_system_process_action.o

.debug_str      0x00000000     0x37c2
 .debug_str     0x00000000      0x107 ./app.o
                                0x123 (size before relaxing)
 .debug_str     0x00000107       0x37 ./main.o
                                0x151 (size before relaxing)
 .debug_str     0x0000013e       0x89 ./autogen/sl_board_default_init.o
                                0x1bb (size before relaxing)
 .debug_str     0x000001c7      0x494 ./autogen/sl_device_init_clocks.o
                                0x63b (size before relaxing)
 .debug_str     0x0000065b      0x244 ./autogen/sl_event_handler.o
                                0x43d (size before relaxing)
 .debug_str     0x0000089f      0x4a5 ./gecko_sdk_4.4.6/hardware/board/src/sl_board_control_gpio.o
                                0x68f (size before relaxing)
 .debug_str     0x00000d44       0x36 ./gecko_sdk_4.4.6/hardware/board/src/sl_board_init.o
                                0x496 (size before relaxing)
 .debug_str     0x00000d7a      0x145 ./gecko_sdk_4.4.6/platform/Device/SiliconLabs/EFM32GG/Source/startup_efm32gg.o
                                0x2e2 (size before relaxing)
 .debug_str     0x00000ebf      0x1fa ./gecko_sdk_4.4.6/platform/Device/SiliconLabs/EFM32GG/Source/system_efm32gg.o
                                0x522 (size before relaxing)
 .debug_str     0x000010b9       0x3d ./gecko_sdk_4.4.6/platform/common/src/sl_assert.o
                                0x14a (size before relaxing)
 .debug_str     0x000010f6       0x8c ./gecko_sdk_4.4.6/platform/common/src/sl_syscalls.o
                                0x22a (size before relaxing)
 .debug_str     0x00001182       0xe3 ./gecko_sdk_4.4.6/platform/common/toolchain/src/sl_memory.o
                                0x284 (size before relaxing)
 .debug_str     0x00001265      0xb5f ./gecko_sdk_4.4.6/platform/emlib/src/em_cmu.o
                               0x131a (size before relaxing)
 .debug_str     0x00001dc4      0x5b2 ./gecko_sdk_4.4.6/platform/emlib/src/em_core.o
                                0x86d (size before relaxing)
 .debug_str     0x00002376      0x506 ./gecko_sdk_4.4.6/platform/emlib/src/em_emu.o
                                0xd91 (size before relaxing)
 .debug_str     0x0000287c       0xd5 ./gecko_sdk_4.4.6/platform/emlib/src/em_rtc.o
                                0x2c6 (size before relaxing)
 .debug_str     0x00002951      0x200 ./gecko_sdk_4.4.6/platform/emlib/src/em_system.o
                                0x716 (size before relaxing)
 .debug_str     0x00002b51       0x55 ./gecko_sdk_4.4.6/platform/service/device_init/src/sl_device_init_emu_s0.o
                                0x29b (size before relaxing)
 .debug_str     0x00002ba6       0xa2 ./gecko_sdk_4.4.6/platform/service/device_init/src/sl_device_init_hfxo_s0.o
                                0x30d (size before relaxing)
 .debug_str     0x00002c48       0xb4 ./gecko_sdk_4.4.6/platform/service/device_init/src/sl_device_init_lfxo_s0.o
                                0x368 (size before relaxing)
 .debug_str     0x00002cfc       0x66 ./gecko_sdk_4.4.6/platform/service/device_init/src/sl_device_init_nvic.o
                                0x563 (size before relaxing)
 .debug_str     0x00002d62      0x855 ./gecko_sdk_4.4.6/platform/service/sleeptimer/src/sl_sleeptimer.o
                                0xba7 (size before relaxing)
 .debug_str     0x000035b7      0x181 ./gecko_sdk_4.4.6/platform/service/sleeptimer/src/sl_sleeptimer_hal_rtc.o
                                0xb6d (size before relaxing)
 .debug_str     0x00003738       0x40 ./gecko_sdk_4.4.6/platform/service/system/src/sl_system_init.o
                                0x1a0 (size before relaxing)
 .debug_str     0x00003778       0x4a ./gecko_sdk_4.4.6/platform/service/system/src/sl_system_process_action.o
                                0x1cd (size before relaxing)

.debug_frame    0x00000000     0x1758
 .debug_frame   0x00000000       0x30 ./app.o
 .debug_frame   0x00000030       0x28 ./main.o
 .debug_frame   0x00000058       0x20 ./autogen/sl_board_default_init.o
 .debug_frame   0x00000078       0x28 ./autogen/sl_device_init_clocks.o
 .debug_frame   0x000000a0       0xbc ./autogen/sl_event_handler.o
 .debug_frame   0x0000015c      0x100 ./gecko_sdk_4.4.6/hardware/board/src/sl_board_control_gpio.o
 .debug_frame   0x0000025c       0x3c ./gecko_sdk_4.4.6/hardware/board/src/sl_board_init.o
 .debug_frame   0x00000298       0x38 ./gecko_sdk_4.4.6/platform/Device/SiliconLabs/EFM32GG/Source/startup_efm32gg.o
 .debug_frame   0x000002d0       0xb8 ./gecko_sdk_4.4.6/platform/Device/SiliconLabs/EFM32GG/Source/system_efm32gg.o
 .debug_frame   0x00000388       0x20 ./gecko_sdk_4.4.6/platform/common/src/sl_assert.o
 .debug_frame   0x000003a8       0xb0 ./gecko_sdk_4.4.6/platform/common/src/sl_syscalls.o
 .debug_frame   0x00000458       0x40 ./gecko_sdk_4.4.6/platform/common/toolchain/src/sl_memory.o
 .debug_frame   0x00000498      0x4cc ./gecko_sdk_4.4.6/platform/emlib/src/em_cmu.o
 .debug_frame   0x00000964      0x240 ./gecko_sdk_4.4.6/platform/emlib/src/em_core.o
 .debug_frame   0x00000ba4      0x24c ./gecko_sdk_4.4.6/platform/emlib/src/em_emu.o
 .debug_frame   0x00000df0       0xa0 ./gecko_sdk_4.4.6/platform/emlib/src/em_rtc.o
 .debug_frame   0x00000e90       0xe0 ./gecko_sdk_4.4.6/platform/emlib/src/em_system.o
 .debug_frame   0x00000f70       0x28 ./gecko_sdk_4.4.6/platform/service/device_init/src/sl_device_init_emu_s0.o
 .debug_frame   0x00000f98       0x28 ./gecko_sdk_4.4.6/platform/service/device_init/src/sl_device_init_hfxo_s0.o
 .debug_frame   0x00000fc0       0x2c ./gecko_sdk_4.4.6/platform/service/device_init/src/sl_device_init_lfxo_s0.o
 .debug_frame   0x00000fec       0x28 ./gecko_sdk_4.4.6/platform/service/device_init/src/sl_device_init_nvic.o
 .debug_frame   0x00001014      0x3ac ./gecko_sdk_4.4.6/platform/service/sleeptimer/src/sl_sleeptimer.o
 .debug_frame   0x000013c0      0x128 ./gecko_sdk_4.4.6/platform/service/sleeptimer/src/sl_sleeptimer_hal_rtc.o
 .debug_frame   0x000014e8       0x2c ./gecko_sdk_4.4.6/platform/service/system/src/sl_system_init.o
 .debug_frame   0x00001514       0x2c ./gecko_sdk_4.4.6/platform/service/system/src/sl_system_process_action.o
 .debug_frame   0x00001540       0x2c c:/siliconlabs/simplicitystudio/v5/developer/toolchains/gnu_arm/12.2.rel1_2023.7/bin/../lib/gcc/arm-none-eabi/12.2.1/thumb/v7-m/nofp\libgcc.a(_aeabi_uldivmod.o)
 .debug_frame   0x0000156c       0x34 c:/siliconlabs/simplicitystudio/v5/developer/toolchains/gnu_arm/12.2.rel1_2023.7/bin/../lib/gcc/arm-none-eabi/12.2.1/thumb/v7-m/nofp\libgcc.a(_udivmoddi4.o)
 .debug_frame   0x000015a0       0x28 c:/siliconlabs/simplicitystudio/v5/developer/toolchains/gnu_arm/12.2.rel1_2023.7/bin/../lib/gcc/arm-none-eabi/12.2.1/thumb/v7-m/nofp\libc_nano.a(libc_a-exit.o)
 .debug_frame   0x000015c8      0x144 c:/siliconlabs/simplicitystudio/v5/developer/toolchains/gnu_arm/12.2.rel1_2023.7/bin/../lib/gcc/arm-none-eabi/12.2.1/thumb/v7-m/nofp\libc_nano.a(libc_a-findfp.o)
 .debug_frame   0x0000170c       0x20 c:/siliconlabs/simplicitystudio/v5/developer/toolchains/gnu_arm/12.2.rel1_2023.7/bin/../lib/gcc/arm-none-eabi/12.2.1/thumb/v7-m/nofp\libc_nano.a(libc_a-memset.o)
 .debug_frame   0x0000172c       0x2c c:/siliconlabs/simplicitystudio/v5/developer/toolchains/gnu_arm/12.2.rel1_2023.7/bin/../lib/gcc/arm-none-eabi/12.2.1/thumb/v7-m/nofp\libc_nano.a(libc_a-init.o)

.debug_loc      0x00000000     0x6614
 .debug_loc     0x00000000       0x20 ./main.o
 .debug_loc     0x00000020       0x20 ./autogen/sl_device_init_clocks.o
 .debug_loc     0x00000040       0x79 ./autogen/sl_event_handler.o
 .debug_loc     0x000000b9      0x24a ./gecko_sdk_4.4.6/hardware/board/src/sl_board_control_gpio.o
 .debug_loc     0x00000303       0x2c ./gecko_sdk_4.4.6/hardware/board/src/sl_board_init.o
 .debug_loc     0x0000032f       0x8e ./gecko_sdk_4.4.6/platform/Device/SiliconLabs/EFM32GG/Source/startup_efm32gg.o
 .debug_loc     0x000003bd       0xae ./gecko_sdk_4.4.6/platform/Device/SiliconLabs/EFM32GG/Source/system_efm32gg.o
 .debug_loc     0x0000046b       0x2a ./gecko_sdk_4.4.6/platform/common/src/sl_assert.o
 .debug_loc     0x00000495      0x118 ./gecko_sdk_4.4.6/platform/common/src/sl_syscalls.o
 .debug_loc     0x000005ad       0xa9 ./gecko_sdk_4.4.6/platform/common/toolchain/src/sl_memory.o
 .debug_loc     0x00000656     0x29db ./gecko_sdk_4.4.6/platform/emlib/src/em_cmu.o
 .debug_loc     0x00003031      0x926 ./gecko_sdk_4.4.6/platform/emlib/src/em_core.o
 .debug_loc     0x00003957      0x892 ./gecko_sdk_4.4.6/platform/emlib/src/em_emu.o
 .debug_loc     0x000041e9      0x2c3 ./gecko_sdk_4.4.6/platform/emlib/src/em_rtc.o
 .debug_loc     0x000044ac      0x17f ./gecko_sdk_4.4.6/platform/emlib/src/em_system.o
 .debug_loc     0x0000462b       0x2c ./gecko_sdk_4.4.6/platform/service/device_init/src/sl_device_init_emu_s0.o
 .debug_loc     0x00004657       0x2c ./gecko_sdk_4.4.6/platform/service/device_init/src/sl_device_init_hfxo_s0.o
 .debug_loc     0x00004683       0x2c ./gecko_sdk_4.4.6/platform/service/device_init/src/sl_device_init_lfxo_s0.o
 .debug_loc     0x000046af       0x79 ./gecko_sdk_4.4.6/platform/service/device_init/src/sl_device_init_nvic.o
 .debug_loc     0x00004728     0x197f ./gecko_sdk_4.4.6/platform/service/sleeptimer/src/sl_sleeptimer.o
 .debug_loc     0x000060a7      0x515 ./gecko_sdk_4.4.6/platform/service/sleeptimer/src/sl_sleeptimer_hal_rtc.o
 .debug_loc     0x000065bc       0x2c ./gecko_sdk_4.4.6/platform/service/system/src/sl_system_init.o
 .debug_loc     0x000065e8       0x2c ./gecko_sdk_4.4.6/platform/service/system/src/sl_system_process_action.o
